------------------------------------------------------------
TimeQuest Timing Analyzer Summary
------------------------------------------------------------

Type  : Slow 1100mV 85C Model Setup 'i_clk'
Slack : -5.434
TNS   : -5307.830

Type  : Slow 1100mV 85C Model Hold 'i_clk'
Slack : 0.347
TNS   : 0.000

Type  : Slow 1100mV 85C Model Minimum Pulse Width 'i_clk'
Slack : -3.000
TNS   : -2796.500

Type  : Slow 1100mV 0C Model Setup 'i_clk'
Slack : -5.607
TNS   : -5545.949

Type  : Slow 1100mV 0C Model Hold 'i_clk'
Slack : 0.328
TNS   : 0.000

Type  : Slow 1100mV 0C Model Minimum Pulse Width 'i_clk'
Slack : -3.000
TNS   : -2842.980

Type  : Fast 1100mV 85C Model Setup 'i_clk'
Slack : -2.082
TNS   : -1702.110

Type  : Fast 1100mV 85C Model Hold 'i_clk'
Slack : 0.170
TNS   : 0.000

Type  : Fast 1100mV 85C Model Minimum Pulse Width 'i_clk'
Slack : -2.225
TNS   : -1304.255

Type  : Fast 1100mV 0C Model Setup 'i_clk'
Slack : -1.932
TNS   : -1550.196

Type  : Fast 1100mV 0C Model Hold 'i_clk'
Slack : 0.153
TNS   : 0.000

Type  : Fast 1100mV 0C Model Minimum Pulse Width 'i_clk'
Slack : -2.225
TNS   : -1310.828

------------------------------------------------------------
