Analysis & Synthesis report for FIR_Filter
Thu Aug 10 13:16:07 2023
Quartus Prime Version 17.0.0 Build 595 04/25/2017 SJ Standard Edition


---------------------
; Table of Contents ;
---------------------
  1. Legal Notice
  2. Analysis & Synthesis Summary
  3. Analysis & Synthesis Settings
  4. Parallel Compilation
  5. Analysis & Synthesis Source Files Read
  6. Analysis & Synthesis Resource Usage Summary
  7. Analysis & Synthesis Resource Utilization by Entity
  8. Analysis & Synthesis DSP Block Usage Summary
  9. Registers Removed During Synthesis
 10. General Register Statistics
 11. Parameter Settings for User Entity Instance: Top-level Entity: |FIR_Filter
 12. Post-Synthesis Netlist Statistics for Top Partition
 13. Elapsed Time Per Partition
 14. Analysis & Synthesis Messages



----------------
; Legal Notice ;
----------------
Copyright (C) 2017  Intel Corporation. All rights reserved.
Your use of Intel Corporation's design tools, logic functions 
and other software and tools, and its AMPP partner logic 
functions, and any output files from any of the foregoing 
(including device programming or simulation files), and any 
associated documentation or information are expressly subject 
to the terms and conditions of the Intel Program License 
Subscription Agreement, the Intel Quartus Prime License Agreement,
the Intel MegaCore Function License Agreement, or other 
applicable license agreement, including, without limitation, 
that your use is for the sole purpose of programming logic 
devices manufactured by Intel and sold by Intel or its 
authorized distributors.  Please refer to the applicable 
agreement for further details.



+-----------------------------------------------------------------------------------+
; Analysis & Synthesis Summary                                                      ;
+---------------------------------+-------------------------------------------------+
; Analysis & Synthesis Status     ; Successful - Thu Aug 10 13:16:07 2023           ;
; Quartus Prime Version           ; 17.0.0 Build 595 04/25/2017 SJ Standard Edition ;
; Revision Name                   ; FIR_Filter                                      ;
; Top-level Entity Name           ; FIR_Filter                                      ;
; Family                          ; Cyclone V                                       ;
; Logic utilization (in ALMs)     ; N/A                                             ;
; Total registers                 ; 2404                                            ;
; Total pins                      ; 50                                              ;
; Total virtual pins              ; 0                                               ;
; Total block memory bits         ; 0                                               ;
; Total DSP Blocks                ; 20                                              ;
; Total HSSI RX PCSs              ; 0                                               ;
; Total HSSI PMA RX Deserializers ; 0                                               ;
; Total HSSI TX PCSs              ; 0                                               ;
; Total HSSI PMA TX Serializers   ; 0                                               ;
; Total PLLs                      ; 0                                               ;
; Total DLLs                      ; 0                                               ;
+---------------------------------+-------------------------------------------------+


+---------------------------------------------------------------------------------------------------------------------------+
; Analysis & Synthesis Settings                                                                                             ;
+---------------------------------------------------------------------------------+--------------------+--------------------+
; Option                                                                          ; Setting            ; Default Value      ;
+---------------------------------------------------------------------------------+--------------------+--------------------+
; Device                                                                          ; 5CEBA4F23C7        ;                    ;
; Top-level entity name                                                           ; FIR_Filter         ; FIR_Filter         ;
; Family name                                                                     ; Cyclone V          ; Cyclone V          ;
; Restructure Multiplexers                                                        ; Off                ; Auto               ;
; Optimization Technique                                                          ; Speed              ; Balanced           ;
; Perform WYSIWYG Primitive Resynthesis                                           ; On                 ; Off                ;
; Use smart compilation                                                           ; Off                ; Off                ;
; Enable parallel Assembler and TimeQuest Timing Analyzer during compilation      ; On                 ; On                 ;
; Enable compact report table                                                     ; Off                ; Off                ;
; MLAB Add Timing Constraints For Mixed-Port Feed-Through Mode Setting Don't Care ; Off                ; Off                ;
; Create Debugging Nodes for IP Cores                                             ; Off                ; Off                ;
; Preserve fewer node names                                                       ; On                 ; On                 ;
; OpenCore Plus hardware evaluation                                               ; Enable             ; Enable             ;
; Verilog Version                                                                 ; Verilog_2001       ; Verilog_2001       ;
; VHDL Version                                                                    ; VHDL_1993          ; VHDL_1993          ;
; State Machine Processing                                                        ; Auto               ; Auto               ;
; Safe State Machine                                                              ; Off                ; Off                ;
; Extract Verilog State Machines                                                  ; On                 ; On                 ;
; Extract VHDL State Machines                                                     ; On                 ; On                 ;
; Ignore Verilog initial constructs                                               ; Off                ; Off                ;
; Iteration limit for constant Verilog loops                                      ; 5000               ; 5000               ;
; Iteration limit for non-constant Verilog loops                                  ; 250                ; 250                ;
; Add Pass-Through Logic to Inferred RAMs                                         ; On                 ; On                 ;
; Infer RAMs from Raw Logic                                                       ; On                 ; On                 ;
; Parallel Synthesis                                                              ; On                 ; On                 ;
; DSP Block Balancing                                                             ; Auto               ; Auto               ;
; NOT Gate Push-Back                                                              ; On                 ; On                 ;
; Power-Up Don't Care                                                             ; On                 ; On                 ;
; Remove Redundant Logic Cells                                                    ; Off                ; Off                ;
; Remove Duplicate Registers                                                      ; On                 ; On                 ;
; Ignore CARRY Buffers                                                            ; Off                ; Off                ;
; Ignore CASCADE Buffers                                                          ; Off                ; Off                ;
; Ignore GLOBAL Buffers                                                           ; Off                ; Off                ;
; Ignore ROW GLOBAL Buffers                                                       ; Off                ; Off                ;
; Ignore LCELL Buffers                                                            ; Off                ; Off                ;
; Ignore SOFT Buffers                                                             ; On                 ; On                 ;
; Limit AHDL Integers to 32 Bits                                                  ; Off                ; Off                ;
; Carry Chain Length                                                              ; 70                 ; 70                 ;
; Auto Carry Chains                                                               ; On                 ; On                 ;
; Auto Open-Drain Pins                                                            ; On                 ; On                 ;
; Auto ROM Replacement                                                            ; On                 ; On                 ;
; Auto RAM Replacement                                                            ; On                 ; On                 ;
; Auto DSP Block Replacement                                                      ; On                 ; On                 ;
; Auto Shift Register Replacement                                                 ; Auto               ; Auto               ;
; Allow Shift Register Merging across Hierarchies                                 ; Auto               ; Auto               ;
; Auto Clock Enable Replacement                                                   ; On                 ; On                 ;
; Strict RAM Replacement                                                          ; Off                ; Off                ;
; Allow Synchronous Control Signals                                               ; On                 ; On                 ;
; Force Use of Synchronous Clear Signals                                          ; Off                ; Off                ;
; Auto Resource Sharing                                                           ; Off                ; Off                ;
; Allow Any RAM Size For Recognition                                              ; Off                ; Off                ;
; Allow Any ROM Size For Recognition                                              ; Off                ; Off                ;
; Allow Any Shift Register Size For Recognition                                   ; Off                ; Off                ;
; Use LogicLock Constraints during Resource Balancing                             ; On                 ; On                 ;
; Ignore translate_off and synthesis_off directives                               ; Off                ; Off                ;
; Timing-Driven Synthesis                                                         ; On                 ; On                 ;
; Report Parameter Settings                                                       ; On                 ; On                 ;
; Report Source Assignments                                                       ; On                 ; On                 ;
; Report Connectivity Checks                                                      ; On                 ; On                 ;
; Ignore Maximum Fan-Out Assignments                                              ; Off                ; Off                ;
; Synchronization Register Chain Length                                           ; 3                  ; 3                  ;
; PowerPlay Power Optimization During Synthesis                                   ; Normal compilation ; Normal compilation ;
; HDL message level                                                               ; Level2             ; Level2             ;
; Suppress Register Optimization Related Messages                                 ; Off                ; Off                ;
; Number of Removed Registers Reported in Synthesis Report                        ; 5000               ; 5000               ;
; Number of Swept Nodes Reported in Synthesis Report                              ; 5000               ; 5000               ;
; Number of Inverted Registers Reported in Synthesis Report                       ; 100                ; 100                ;
; Clock MUX Protection                                                            ; On                 ; On                 ;
; Auto Gated Clock Conversion                                                     ; Off                ; Off                ;
; Block Design Naming                                                             ; Auto               ; Auto               ;
; SDC constraint protection                                                       ; Off                ; Off                ;
; Synthesis Effort                                                                ; Auto               ; Auto               ;
; Shift Register Replacement - Allow Asynchronous Clear Signal                    ; On                 ; On                 ;
; Pre-Mapping Resynthesis Optimization                                            ; Off                ; Off                ;
; Analysis & Synthesis Message Level                                              ; Medium             ; Medium             ;
; Disable Register Merging Across Hierarchies                                     ; Auto               ; Auto               ;
; Resource Aware Inference For Block RAM                                          ; On                 ; On                 ;
; Automatic Parallel Synthesis                                                    ; On                 ; On                 ;
; Partial Reconfiguration Bitstream ID                                            ; Off                ; Off                ;
+---------------------------------------------------------------------------------+--------------------+--------------------+


+------------------------------------------+
; Parallel Compilation                     ;
+----------------------------+-------------+
; Processors                 ; Number      ;
+----------------------------+-------------+
; Number detected on machine ; 16          ;
; Maximum allowed            ; 8           ;
;                            ;             ;
; Average used               ; 1.00        ;
; Maximum used               ; 8           ;
;                            ;             ;
; Usage by Processor         ; % Time Used ;
;     Processor 1            ; 100.0%      ;
;     Processor 2            ;   0.0%      ;
;     Processor 3            ;   0.0%      ;
;     Processor 4            ;   0.0%      ;
;     Processor 5            ;   0.0%      ;
;     Processor 6            ;   0.0%      ;
;     Processor 7            ;   0.0%      ;
;     Processor 8            ;   0.0%      ;
+----------------------------+-------------+


+-----------------------------------------------------------------------------------------------------------------------------+
; Analysis & Synthesis Source Files Read                                                                                      ;
+----------------------------------+-----------------+-----------------+--------------------------------------------+---------+
; File Name with User-Entered Path ; Used in Netlist ; File Type       ; File Name with Absolute Path               ; Library ;
+----------------------------------+-----------------+-----------------+--------------------------------------------+---------+
; Source/FIR_Filter.vhd            ; yes             ; User VHDL File  ; C:/projects/FIR_FPGA/Source/FIR_Filter.vhd ;         ;
+----------------------------------+-----------------+-----------------+--------------------------------------------+---------+


+-----------------------------------------------------------+
; Analysis & Synthesis Resource Usage Summary               ;
+---------------------------------------------+-------------+
; Resource                                    ; Usage       ;
+---------------------------------------------+-------------+
; Estimate of Logic utilization (ALMs needed) ; 1205        ;
;                                             ;             ;
; Combinational ALUT usage for logic          ; 784         ;
;     -- 7 input functions                    ; 0           ;
;     -- 6 input functions                    ; 0           ;
;     -- 5 input functions                    ; 0           ;
;     -- 4 input functions                    ; 0           ;
;     -- <=3 input functions                  ; 784         ;
;                                             ;             ;
; Dedicated logic registers                   ; 2404        ;
;                                             ;             ;
; I/O pins                                    ; 50          ;
;                                             ;             ;
; Total DSP Blocks                            ; 20          ;
;                                             ;             ;
; Maximum fan-out node                        ; i_clk~input ;
; Maximum fan-out                             ; 2404        ;
; Total fan-out                               ; 10051       ;
; Average fan-out                             ; 3.04        ;
+---------------------------------------------+-------------+


+----------------------------------------------------------------------------------------------------------------------------------------------------------------------------------------+
; Analysis & Synthesis Resource Utilization by Entity                                                                                                                                    ;
+----------------------------+---------------------+---------------------------+-------------------+------------+------+--------------+---------------------+-------------+--------------+
; Compilation Hierarchy Node ; Combinational ALUTs ; Dedicated Logic Registers ; Block Memory Bits ; DSP Blocks ; Pins ; Virtual Pins ; Full Hierarchy Name ; Entity Name ; Library Name ;
+----------------------------+---------------------+---------------------------+-------------------+------------+------+--------------+---------------------+-------------+--------------+
; |FIR_Filter                ; 784 (784)           ; 2404 (2404)               ; 0                 ; 20         ; 50   ; 0            ; |FIR_Filter         ; FIR_Filter  ; work         ;
+----------------------------+---------------------+---------------------------+-------------------+------------+------+--------------+---------------------+-------------+--------------+
Note: For table entries with two numbers listed, the numbers in parentheses indicate the number of resources of the given type used by the specific entity alone. The numbers listed outside of parentheses indicate the total resources of the given type used by the specific entity and all of its sub-entities in the hierarchy.


+-------------------------------------------------+
; Analysis & Synthesis DSP Block Usage Summary    ;
+-----------------------------------+-------------+
; Statistic                         ; Number Used ;
+-----------------------------------+-------------+
; Independent 27x27                 ; 20          ;
; Total number of DSP blocks        ; 20          ;
;                                   ;             ;
; Fixed Point Signed Multiplier     ; 18          ;
; Fixed Point Mixed Sign Multiplier ; 2           ;
+-----------------------------------+-------------+


+----------------------------------------------------------------------------+
; Registers Removed During Synthesis                                         ;
+-----------------------------------------+----------------------------------+
; Register name                           ; Reason for Removal               ;
+-----------------------------------------+----------------------------------+
; mreg_s[0][39]                           ; Merged with mreg_s[0][38]        ;
; mreg_first_s[0][39]                     ; Merged with mreg_first_s[0][38]  ;
; areg_s[10][0]                           ; Merged with areg_s[0][0]         ;
; areg_s[11][0]                           ; Merged with areg_s[0][0]         ;
; areg_s[12][0]                           ; Merged with areg_s[0][0]         ;
; areg_s[13][0]                           ; Merged with areg_s[0][0]         ;
; areg_s[14][0]                           ; Merged with areg_s[0][0]         ;
; areg_s[15][0]                           ; Merged with areg_s[0][0]         ;
; areg_s[16][0]                           ; Merged with areg_s[0][0]         ;
; areg_s[17][0]                           ; Merged with areg_s[0][0]         ;
; areg_s[18][0]                           ; Merged with areg_s[0][0]         ;
; areg_s[19][0]                           ; Merged with areg_s[0][0]         ;
; areg_s[1][0]                            ; Merged with areg_s[0][0]         ;
; areg_s[2][0]                            ; Merged with areg_s[0][0]         ;
; areg_s[3][0]                            ; Merged with areg_s[0][0]         ;
; areg_s[4][0]                            ; Merged with areg_s[0][0]         ;
; areg_s[5][0]                            ; Merged with areg_s[0][0]         ;
; areg_s[6][0]                            ; Merged with areg_s[0][0]         ;
; areg_s[7][0]                            ; Merged with areg_s[0][0]         ;
; areg_s[8][0]                            ; Merged with areg_s[0][0]         ;
; areg_s[9][0]                            ; Merged with areg_s[0][0]         ;
; areg_s[10][1]                           ; Merged with areg_s[0][1]         ;
; areg_s[11][1]                           ; Merged with areg_s[0][1]         ;
; areg_s[12][1]                           ; Merged with areg_s[0][1]         ;
; areg_s[13][1]                           ; Merged with areg_s[0][1]         ;
; areg_s[14][1]                           ; Merged with areg_s[0][1]         ;
; areg_s[15][1]                           ; Merged with areg_s[0][1]         ;
; areg_s[16][1]                           ; Merged with areg_s[0][1]         ;
; areg_s[17][1]                           ; Merged with areg_s[0][1]         ;
; areg_s[18][1]                           ; Merged with areg_s[0][1]         ;
; areg_s[19][1]                           ; Merged with areg_s[0][1]         ;
; areg_s[1][1]                            ; Merged with areg_s[0][1]         ;
; areg_s[2][1]                            ; Merged with areg_s[0][1]         ;
; areg_s[3][1]                            ; Merged with areg_s[0][1]         ;
; areg_s[4][1]                            ; Merged with areg_s[0][1]         ;
; areg_s[5][1]                            ; Merged with areg_s[0][1]         ;
; areg_s[6][1]                            ; Merged with areg_s[0][1]         ;
; areg_s[7][1]                            ; Merged with areg_s[0][1]         ;
; areg_s[8][1]                            ; Merged with areg_s[0][1]         ;
; areg_s[9][1]                            ; Merged with areg_s[0][1]         ;
; areg_s[10][2]                           ; Merged with areg_s[0][2]         ;
; areg_s[11][2]                           ; Merged with areg_s[0][2]         ;
; areg_s[12][2]                           ; Merged with areg_s[0][2]         ;
; areg_s[13][2]                           ; Merged with areg_s[0][2]         ;
; areg_s[14][2]                           ; Merged with areg_s[0][2]         ;
; areg_s[15][2]                           ; Merged with areg_s[0][2]         ;
; areg_s[16][2]                           ; Merged with areg_s[0][2]         ;
; areg_s[17][2]                           ; Merged with areg_s[0][2]         ;
; areg_s[18][2]                           ; Merged with areg_s[0][2]         ;
; areg_s[19][2]                           ; Merged with areg_s[0][2]         ;
; areg_s[1][2]                            ; Merged with areg_s[0][2]         ;
; areg_s[2][2]                            ; Merged with areg_s[0][2]         ;
; areg_s[3][2]                            ; Merged with areg_s[0][2]         ;
; areg_s[4][2]                            ; Merged with areg_s[0][2]         ;
; areg_s[5][2]                            ; Merged with areg_s[0][2]         ;
; areg_s[6][2]                            ; Merged with areg_s[0][2]         ;
; areg_s[7][2]                            ; Merged with areg_s[0][2]         ;
; areg_s[8][2]                            ; Merged with areg_s[0][2]         ;
; areg_s[9][2]                            ; Merged with areg_s[0][2]         ;
; areg_s[10][3]                           ; Merged with areg_s[0][3]         ;
; areg_s[11][3]                           ; Merged with areg_s[0][3]         ;
; areg_s[12][3]                           ; Merged with areg_s[0][3]         ;
; areg_s[13][3]                           ; Merged with areg_s[0][3]         ;
; areg_s[14][3]                           ; Merged with areg_s[0][3]         ;
; areg_s[15][3]                           ; Merged with areg_s[0][3]         ;
; areg_s[16][3]                           ; Merged with areg_s[0][3]         ;
; areg_s[17][3]                           ; Merged with areg_s[0][3]         ;
; areg_s[18][3]                           ; Merged with areg_s[0][3]         ;
; areg_s[19][3]                           ; Merged with areg_s[0][3]         ;
; areg_s[1][3]                            ; Merged with areg_s[0][3]         ;
; areg_s[2][3]                            ; Merged with areg_s[0][3]         ;
; areg_s[3][3]                            ; Merged with areg_s[0][3]         ;
; areg_s[4][3]                            ; Merged with areg_s[0][3]         ;
; areg_s[5][3]                            ; Merged with areg_s[0][3]         ;
; areg_s[6][3]                            ; Merged with areg_s[0][3]         ;
; areg_s[7][3]                            ; Merged with areg_s[0][3]         ;
; areg_s[8][3]                            ; Merged with areg_s[0][3]         ;
; areg_s[9][3]                            ; Merged with areg_s[0][3]         ;
; areg_s[10][4]                           ; Merged with areg_s[0][4]         ;
; areg_s[11][4]                           ; Merged with areg_s[0][4]         ;
; areg_s[12][4]                           ; Merged with areg_s[0][4]         ;
; areg_s[13][4]                           ; Merged with areg_s[0][4]         ;
; areg_s[14][4]                           ; Merged with areg_s[0][4]         ;
; areg_s[15][4]                           ; Merged with areg_s[0][4]         ;
; areg_s[16][4]                           ; Merged with areg_s[0][4]         ;
; areg_s[17][4]                           ; Merged with areg_s[0][4]         ;
; areg_s[18][4]                           ; Merged with areg_s[0][4]         ;
; areg_s[19][4]                           ; Merged with areg_s[0][4]         ;
; areg_s[1][4]                            ; Merged with areg_s[0][4]         ;
; areg_s[2][4]                            ; Merged with areg_s[0][4]         ;
; areg_s[3][4]                            ; Merged with areg_s[0][4]         ;
; areg_s[4][4]                            ; Merged with areg_s[0][4]         ;
; areg_s[5][4]                            ; Merged with areg_s[0][4]         ;
; areg_s[6][4]                            ; Merged with areg_s[0][4]         ;
; areg_s[7][4]                            ; Merged with areg_s[0][4]         ;
; areg_s[8][4]                            ; Merged with areg_s[0][4]         ;
; areg_s[9][4]                            ; Merged with areg_s[0][4]         ;
; areg_s[10][5]                           ; Merged with areg_s[0][5]         ;
; areg_s[11][5]                           ; Merged with areg_s[0][5]         ;
; areg_s[12][5]                           ; Merged with areg_s[0][5]         ;
; areg_s[13][5]                           ; Merged with areg_s[0][5]         ;
; areg_s[14][5]                           ; Merged with areg_s[0][5]         ;
; areg_s[15][5]                           ; Merged with areg_s[0][5]         ;
; areg_s[16][5]                           ; Merged with areg_s[0][5]         ;
; areg_s[17][5]                           ; Merged with areg_s[0][5]         ;
; areg_s[18][5]                           ; Merged with areg_s[0][5]         ;
; areg_s[19][5]                           ; Merged with areg_s[0][5]         ;
; areg_s[1][5]                            ; Merged with areg_s[0][5]         ;
; areg_s[2][5]                            ; Merged with areg_s[0][5]         ;
; areg_s[3][5]                            ; Merged with areg_s[0][5]         ;
; areg_s[4][5]                            ; Merged with areg_s[0][5]         ;
; areg_s[5][5]                            ; Merged with areg_s[0][5]         ;
; areg_s[6][5]                            ; Merged with areg_s[0][5]         ;
; areg_s[7][5]                            ; Merged with areg_s[0][5]         ;
; areg_s[8][5]                            ; Merged with areg_s[0][5]         ;
; areg_s[9][5]                            ; Merged with areg_s[0][5]         ;
; areg_s[10][6]                           ; Merged with areg_s[0][6]         ;
; areg_s[11][6]                           ; Merged with areg_s[0][6]         ;
; areg_s[12][6]                           ; Merged with areg_s[0][6]         ;
; areg_s[13][6]                           ; Merged with areg_s[0][6]         ;
; areg_s[14][6]                           ; Merged with areg_s[0][6]         ;
; areg_s[15][6]                           ; Merged with areg_s[0][6]         ;
; areg_s[16][6]                           ; Merged with areg_s[0][6]         ;
; areg_s[17][6]                           ; Merged with areg_s[0][6]         ;
; areg_s[18][6]                           ; Merged with areg_s[0][6]         ;
; areg_s[19][6]                           ; Merged with areg_s[0][6]         ;
; areg_s[1][6]                            ; Merged with areg_s[0][6]         ;
; areg_s[2][6]                            ; Merged with areg_s[0][6]         ;
; areg_s[3][6]                            ; Merged with areg_s[0][6]         ;
; areg_s[4][6]                            ; Merged with areg_s[0][6]         ;
; areg_s[5][6]                            ; Merged with areg_s[0][6]         ;
; areg_s[6][6]                            ; Merged with areg_s[0][6]         ;
; areg_s[7][6]                            ; Merged with areg_s[0][6]         ;
; areg_s[8][6]                            ; Merged with areg_s[0][6]         ;
; areg_s[9][6]                            ; Merged with areg_s[0][6]         ;
; areg_s[10][7]                           ; Merged with areg_s[0][7]         ;
; areg_s[11][7]                           ; Merged with areg_s[0][7]         ;
; areg_s[12][7]                           ; Merged with areg_s[0][7]         ;
; areg_s[13][7]                           ; Merged with areg_s[0][7]         ;
; areg_s[14][7]                           ; Merged with areg_s[0][7]         ;
; areg_s[15][7]                           ; Merged with areg_s[0][7]         ;
; areg_s[16][7]                           ; Merged with areg_s[0][7]         ;
; areg_s[17][7]                           ; Merged with areg_s[0][7]         ;
; areg_s[18][7]                           ; Merged with areg_s[0][7]         ;
; areg_s[19][7]                           ; Merged with areg_s[0][7]         ;
; areg_s[1][7]                            ; Merged with areg_s[0][7]         ;
; areg_s[2][7]                            ; Merged with areg_s[0][7]         ;
; areg_s[3][7]                            ; Merged with areg_s[0][7]         ;
; areg_s[4][7]                            ; Merged with areg_s[0][7]         ;
; areg_s[5][7]                            ; Merged with areg_s[0][7]         ;
; areg_s[6][7]                            ; Merged with areg_s[0][7]         ;
; areg_s[7][7]                            ; Merged with areg_s[0][7]         ;
; areg_s[8][7]                            ; Merged with areg_s[0][7]         ;
; areg_s[9][7]                            ; Merged with areg_s[0][7]         ;
; areg_s[10][8]                           ; Merged with areg_s[0][8]         ;
; areg_s[11][8]                           ; Merged with areg_s[0][8]         ;
; areg_s[12][8]                           ; Merged with areg_s[0][8]         ;
; areg_s[13][8]                           ; Merged with areg_s[0][8]         ;
; areg_s[14][8]                           ; Merged with areg_s[0][8]         ;
; areg_s[15][8]                           ; Merged with areg_s[0][8]         ;
; areg_s[16][8]                           ; Merged with areg_s[0][8]         ;
; areg_s[17][8]                           ; Merged with areg_s[0][8]         ;
; areg_s[18][8]                           ; Merged with areg_s[0][8]         ;
; areg_s[19][8]                           ; Merged with areg_s[0][8]         ;
; areg_s[1][8]                            ; Merged with areg_s[0][8]         ;
; areg_s[2][8]                            ; Merged with areg_s[0][8]         ;
; areg_s[3][8]                            ; Merged with areg_s[0][8]         ;
; areg_s[4][8]                            ; Merged with areg_s[0][8]         ;
; areg_s[5][8]                            ; Merged with areg_s[0][8]         ;
; areg_s[6][8]                            ; Merged with areg_s[0][8]         ;
; areg_s[7][8]                            ; Merged with areg_s[0][8]         ;
; areg_s[8][8]                            ; Merged with areg_s[0][8]         ;
; areg_s[9][8]                            ; Merged with areg_s[0][8]         ;
; areg_s[10][9]                           ; Merged with areg_s[0][9]         ;
; areg_s[11][9]                           ; Merged with areg_s[0][9]         ;
; areg_s[12][9]                           ; Merged with areg_s[0][9]         ;
; areg_s[13][9]                           ; Merged with areg_s[0][9]         ;
; areg_s[14][9]                           ; Merged with areg_s[0][9]         ;
; areg_s[15][9]                           ; Merged with areg_s[0][9]         ;
; areg_s[16][9]                           ; Merged with areg_s[0][9]         ;
; areg_s[17][9]                           ; Merged with areg_s[0][9]         ;
; areg_s[18][9]                           ; Merged with areg_s[0][9]         ;
; areg_s[19][9]                           ; Merged with areg_s[0][9]         ;
; areg_s[1][9]                            ; Merged with areg_s[0][9]         ;
; areg_s[2][9]                            ; Merged with areg_s[0][9]         ;
; areg_s[3][9]                            ; Merged with areg_s[0][9]         ;
; areg_s[4][9]                            ; Merged with areg_s[0][9]         ;
; areg_s[5][9]                            ; Merged with areg_s[0][9]         ;
; areg_s[6][9]                            ; Merged with areg_s[0][9]         ;
; areg_s[7][9]                            ; Merged with areg_s[0][9]         ;
; areg_s[8][9]                            ; Merged with areg_s[0][9]         ;
; areg_s[9][9]                            ; Merged with areg_s[0][9]         ;
; areg_s[10][10]                          ; Merged with areg_s[0][10]        ;
; areg_s[11][10]                          ; Merged with areg_s[0][10]        ;
; areg_s[12][10]                          ; Merged with areg_s[0][10]        ;
; areg_s[13][10]                          ; Merged with areg_s[0][10]        ;
; areg_s[14][10]                          ; Merged with areg_s[0][10]        ;
; areg_s[15][10]                          ; Merged with areg_s[0][10]        ;
; areg_s[16][10]                          ; Merged with areg_s[0][10]        ;
; areg_s[17][10]                          ; Merged with areg_s[0][10]        ;
; areg_s[18][10]                          ; Merged with areg_s[0][10]        ;
; areg_s[19][10]                          ; Merged with areg_s[0][10]        ;
; areg_s[1][10]                           ; Merged with areg_s[0][10]        ;
; areg_s[2][10]                           ; Merged with areg_s[0][10]        ;
; areg_s[3][10]                           ; Merged with areg_s[0][10]        ;
; areg_s[4][10]                           ; Merged with areg_s[0][10]        ;
; areg_s[5][10]                           ; Merged with areg_s[0][10]        ;
; areg_s[6][10]                           ; Merged with areg_s[0][10]        ;
; areg_s[7][10]                           ; Merged with areg_s[0][10]        ;
; areg_s[8][10]                           ; Merged with areg_s[0][10]        ;
; areg_s[9][10]                           ; Merged with areg_s[0][10]        ;
; areg_s[10][11]                          ; Merged with areg_s[0][11]        ;
; areg_s[11][11]                          ; Merged with areg_s[0][11]        ;
; areg_s[12][11]                          ; Merged with areg_s[0][11]        ;
; areg_s[13][11]                          ; Merged with areg_s[0][11]        ;
; areg_s[14][11]                          ; Merged with areg_s[0][11]        ;
; areg_s[15][11]                          ; Merged with areg_s[0][11]        ;
; areg_s[16][11]                          ; Merged with areg_s[0][11]        ;
; areg_s[17][11]                          ; Merged with areg_s[0][11]        ;
; areg_s[18][11]                          ; Merged with areg_s[0][11]        ;
; areg_s[19][11]                          ; Merged with areg_s[0][11]        ;
; areg_s[1][11]                           ; Merged with areg_s[0][11]        ;
; areg_s[2][11]                           ; Merged with areg_s[0][11]        ;
; areg_s[3][11]                           ; Merged with areg_s[0][11]        ;
; areg_s[4][11]                           ; Merged with areg_s[0][11]        ;
; areg_s[5][11]                           ; Merged with areg_s[0][11]        ;
; areg_s[6][11]                           ; Merged with areg_s[0][11]        ;
; areg_s[7][11]                           ; Merged with areg_s[0][11]        ;
; areg_s[8][11]                           ; Merged with areg_s[0][11]        ;
; areg_s[9][11]                           ; Merged with areg_s[0][11]        ;
; areg_s[10][12]                          ; Merged with areg_s[0][12]        ;
; areg_s[11][12]                          ; Merged with areg_s[0][12]        ;
; areg_s[12][12]                          ; Merged with areg_s[0][12]        ;
; areg_s[13][12]                          ; Merged with areg_s[0][12]        ;
; areg_s[14][12]                          ; Merged with areg_s[0][12]        ;
; areg_s[15][12]                          ; Merged with areg_s[0][12]        ;
; areg_s[16][12]                          ; Merged with areg_s[0][12]        ;
; areg_s[17][12]                          ; Merged with areg_s[0][12]        ;
; areg_s[18][12]                          ; Merged with areg_s[0][12]        ;
; areg_s[19][12]                          ; Merged with areg_s[0][12]        ;
; areg_s[1][12]                           ; Merged with areg_s[0][12]        ;
; areg_s[2][12]                           ; Merged with areg_s[0][12]        ;
; areg_s[3][12]                           ; Merged with areg_s[0][12]        ;
; areg_s[4][12]                           ; Merged with areg_s[0][12]        ;
; areg_s[5][12]                           ; Merged with areg_s[0][12]        ;
; areg_s[6][12]                           ; Merged with areg_s[0][12]        ;
; areg_s[7][12]                           ; Merged with areg_s[0][12]        ;
; areg_s[8][12]                           ; Merged with areg_s[0][12]        ;
; areg_s[9][12]                           ; Merged with areg_s[0][12]        ;
; areg_s[10][13]                          ; Merged with areg_s[0][13]        ;
; areg_s[11][13]                          ; Merged with areg_s[0][13]        ;
; areg_s[12][13]                          ; Merged with areg_s[0][13]        ;
; areg_s[13][13]                          ; Merged with areg_s[0][13]        ;
; areg_s[14][13]                          ; Merged with areg_s[0][13]        ;
; areg_s[15][13]                          ; Merged with areg_s[0][13]        ;
; areg_s[16][13]                          ; Merged with areg_s[0][13]        ;
; areg_s[17][13]                          ; Merged with areg_s[0][13]        ;
; areg_s[18][13]                          ; Merged with areg_s[0][13]        ;
; areg_s[19][13]                          ; Merged with areg_s[0][13]        ;
; areg_s[1][13]                           ; Merged with areg_s[0][13]        ;
; areg_s[2][13]                           ; Merged with areg_s[0][13]        ;
; areg_s[3][13]                           ; Merged with areg_s[0][13]        ;
; areg_s[4][13]                           ; Merged with areg_s[0][13]        ;
; areg_s[5][13]                           ; Merged with areg_s[0][13]        ;
; areg_s[6][13]                           ; Merged with areg_s[0][13]        ;
; areg_s[7][13]                           ; Merged with areg_s[0][13]        ;
; areg_s[8][13]                           ; Merged with areg_s[0][13]        ;
; areg_s[9][13]                           ; Merged with areg_s[0][13]        ;
; areg_s[10][14]                          ; Merged with areg_s[0][14]        ;
; areg_s[11][14]                          ; Merged with areg_s[0][14]        ;
; areg_s[12][14]                          ; Merged with areg_s[0][14]        ;
; areg_s[13][14]                          ; Merged with areg_s[0][14]        ;
; areg_s[14][14]                          ; Merged with areg_s[0][14]        ;
; areg_s[15][14]                          ; Merged with areg_s[0][14]        ;
; areg_s[16][14]                          ; Merged with areg_s[0][14]        ;
; areg_s[17][14]                          ; Merged with areg_s[0][14]        ;
; areg_s[18][14]                          ; Merged with areg_s[0][14]        ;
; areg_s[19][14]                          ; Merged with areg_s[0][14]        ;
; areg_s[1][14]                           ; Merged with areg_s[0][14]        ;
; areg_s[2][14]                           ; Merged with areg_s[0][14]        ;
; areg_s[3][14]                           ; Merged with areg_s[0][14]        ;
; areg_s[4][14]                           ; Merged with areg_s[0][14]        ;
; areg_s[5][14]                           ; Merged with areg_s[0][14]        ;
; areg_s[6][14]                           ; Merged with areg_s[0][14]        ;
; areg_s[7][14]                           ; Merged with areg_s[0][14]        ;
; areg_s[8][14]                           ; Merged with areg_s[0][14]        ;
; areg_s[9][14]                           ; Merged with areg_s[0][14]        ;
; areg_s[10][15]                          ; Merged with areg_s[0][15]        ;
; areg_s[11][15]                          ; Merged with areg_s[0][15]        ;
; areg_s[12][15]                          ; Merged with areg_s[0][15]        ;
; areg_s[13][15]                          ; Merged with areg_s[0][15]        ;
; areg_s[14][15]                          ; Merged with areg_s[0][15]        ;
; areg_s[15][15]                          ; Merged with areg_s[0][15]        ;
; areg_s[16][15]                          ; Merged with areg_s[0][15]        ;
; areg_s[17][15]                          ; Merged with areg_s[0][15]        ;
; areg_s[18][15]                          ; Merged with areg_s[0][15]        ;
; areg_s[19][15]                          ; Merged with areg_s[0][15]        ;
; areg_s[1][15]                           ; Merged with areg_s[0][15]        ;
; areg_s[2][15]                           ; Merged with areg_s[0][15]        ;
; areg_s[3][15]                           ; Merged with areg_s[0][15]        ;
; areg_s[4][15]                           ; Merged with areg_s[0][15]        ;
; areg_s[5][15]                           ; Merged with areg_s[0][15]        ;
; areg_s[6][15]                           ; Merged with areg_s[0][15]        ;
; areg_s[7][15]                           ; Merged with areg_s[0][15]        ;
; areg_s[8][15]                           ; Merged with areg_s[0][15]        ;
; areg_s[9][15]                           ; Merged with areg_s[0][15]        ;
; areg_s[10][16]                          ; Merged with areg_s[0][16]        ;
; areg_s[11][16]                          ; Merged with areg_s[0][16]        ;
; areg_s[12][16]                          ; Merged with areg_s[0][16]        ;
; areg_s[13][16]                          ; Merged with areg_s[0][16]        ;
; areg_s[14][16]                          ; Merged with areg_s[0][16]        ;
; areg_s[15][16]                          ; Merged with areg_s[0][16]        ;
; areg_s[16][16]                          ; Merged with areg_s[0][16]        ;
; areg_s[17][16]                          ; Merged with areg_s[0][16]        ;
; areg_s[18][16]                          ; Merged with areg_s[0][16]        ;
; areg_s[19][16]                          ; Merged with areg_s[0][16]        ;
; areg_s[1][16]                           ; Merged with areg_s[0][16]        ;
; areg_s[2][16]                           ; Merged with areg_s[0][16]        ;
; areg_s[3][16]                           ; Merged with areg_s[0][16]        ;
; areg_s[4][16]                           ; Merged with areg_s[0][16]        ;
; areg_s[5][16]                           ; Merged with areg_s[0][16]        ;
; areg_s[6][16]                           ; Merged with areg_s[0][16]        ;
; areg_s[7][16]                           ; Merged with areg_s[0][16]        ;
; areg_s[8][16]                           ; Merged with areg_s[0][16]        ;
; areg_s[9][16]                           ; Merged with areg_s[0][16]        ;
; areg_s[10][17]                          ; Merged with areg_s[0][17]        ;
; areg_s[11][17]                          ; Merged with areg_s[0][17]        ;
; areg_s[12][17]                          ; Merged with areg_s[0][17]        ;
; areg_s[13][17]                          ; Merged with areg_s[0][17]        ;
; areg_s[14][17]                          ; Merged with areg_s[0][17]        ;
; areg_s[15][17]                          ; Merged with areg_s[0][17]        ;
; areg_s[16][17]                          ; Merged with areg_s[0][17]        ;
; areg_s[17][17]                          ; Merged with areg_s[0][17]        ;
; areg_s[18][17]                          ; Merged with areg_s[0][17]        ;
; areg_s[19][17]                          ; Merged with areg_s[0][17]        ;
; areg_s[1][17]                           ; Merged with areg_s[0][17]        ;
; areg_s[2][17]                           ; Merged with areg_s[0][17]        ;
; areg_s[3][17]                           ; Merged with areg_s[0][17]        ;
; areg_s[4][17]                           ; Merged with areg_s[0][17]        ;
; areg_s[5][17]                           ; Merged with areg_s[0][17]        ;
; areg_s[6][17]                           ; Merged with areg_s[0][17]        ;
; areg_s[7][17]                           ; Merged with areg_s[0][17]        ;
; areg_s[8][17]                           ; Merged with areg_s[0][17]        ;
; areg_s[9][17]                           ; Merged with areg_s[0][17]        ;
; areg_s[10][18]                          ; Merged with areg_s[0][18]        ;
; areg_s[11][18]                          ; Merged with areg_s[0][18]        ;
; areg_s[12][18]                          ; Merged with areg_s[0][18]        ;
; areg_s[13][18]                          ; Merged with areg_s[0][18]        ;
; areg_s[14][18]                          ; Merged with areg_s[0][18]        ;
; areg_s[15][18]                          ; Merged with areg_s[0][18]        ;
; areg_s[16][18]                          ; Merged with areg_s[0][18]        ;
; areg_s[17][18]                          ; Merged with areg_s[0][18]        ;
; areg_s[18][18]                          ; Merged with areg_s[0][18]        ;
; areg_s[19][18]                          ; Merged with areg_s[0][18]        ;
; areg_s[1][18]                           ; Merged with areg_s[0][18]        ;
; areg_s[2][18]                           ; Merged with areg_s[0][18]        ;
; areg_s[3][18]                           ; Merged with areg_s[0][18]        ;
; areg_s[4][18]                           ; Merged with areg_s[0][18]        ;
; areg_s[5][18]                           ; Merged with areg_s[0][18]        ;
; areg_s[6][18]                           ; Merged with areg_s[0][18]        ;
; areg_s[7][18]                           ; Merged with areg_s[0][18]        ;
; areg_s[8][18]                           ; Merged with areg_s[0][18]        ;
; areg_s[9][18]                           ; Merged with areg_s[0][18]        ;
; areg_s[10][19]                          ; Merged with areg_s[0][19]        ;
; areg_s[11][19]                          ; Merged with areg_s[0][19]        ;
; areg_s[12][19]                          ; Merged with areg_s[0][19]        ;
; areg_s[13][19]                          ; Merged with areg_s[0][19]        ;
; areg_s[14][19]                          ; Merged with areg_s[0][19]        ;
; areg_s[15][19]                          ; Merged with areg_s[0][19]        ;
; areg_s[16][19]                          ; Merged with areg_s[0][19]        ;
; areg_s[17][19]                          ; Merged with areg_s[0][19]        ;
; areg_s[18][19]                          ; Merged with areg_s[0][19]        ;
; areg_s[19][19]                          ; Merged with areg_s[0][19]        ;
; areg_s[1][19]                           ; Merged with areg_s[0][19]        ;
; areg_s[2][19]                           ; Merged with areg_s[0][19]        ;
; areg_s[3][19]                           ; Merged with areg_s[0][19]        ;
; areg_s[4][19]                           ; Merged with areg_s[0][19]        ;
; areg_s[5][19]                           ; Merged with areg_s[0][19]        ;
; areg_s[6][19]                           ; Merged with areg_s[0][19]        ;
; areg_s[7][19]                           ; Merged with areg_s[0][19]        ;
; areg_s[8][19]                           ; Merged with areg_s[0][19]        ;
; areg_s[9][19]                           ; Merged with areg_s[0][19]        ;
; areg_s[10][20]                          ; Merged with areg_s[0][20]        ;
; areg_s[11][20]                          ; Merged with areg_s[0][20]        ;
; areg_s[12][20]                          ; Merged with areg_s[0][20]        ;
; areg_s[13][20]                          ; Merged with areg_s[0][20]        ;
; areg_s[14][20]                          ; Merged with areg_s[0][20]        ;
; areg_s[15][20]                          ; Merged with areg_s[0][20]        ;
; areg_s[16][20]                          ; Merged with areg_s[0][20]        ;
; areg_s[17][20]                          ; Merged with areg_s[0][20]        ;
; areg_s[18][20]                          ; Merged with areg_s[0][20]        ;
; areg_s[19][20]                          ; Merged with areg_s[0][20]        ;
; areg_s[1][20]                           ; Merged with areg_s[0][20]        ;
; areg_s[2][20]                           ; Merged with areg_s[0][20]        ;
; areg_s[3][20]                           ; Merged with areg_s[0][20]        ;
; areg_s[4][20]                           ; Merged with areg_s[0][20]        ;
; areg_s[5][20]                           ; Merged with areg_s[0][20]        ;
; areg_s[6][20]                           ; Merged with areg_s[0][20]        ;
; areg_s[7][20]                           ; Merged with areg_s[0][20]        ;
; areg_s[8][20]                           ; Merged with areg_s[0][20]        ;
; areg_s[9][20]                           ; Merged with areg_s[0][20]        ;
; areg_s[10][21]                          ; Merged with areg_s[0][21]        ;
; areg_s[11][21]                          ; Merged with areg_s[0][21]        ;
; areg_s[12][21]                          ; Merged with areg_s[0][21]        ;
; areg_s[13][21]                          ; Merged with areg_s[0][21]        ;
; areg_s[14][21]                          ; Merged with areg_s[0][21]        ;
; areg_s[15][21]                          ; Merged with areg_s[0][21]        ;
; areg_s[16][21]                          ; Merged with areg_s[0][21]        ;
; areg_s[17][21]                          ; Merged with areg_s[0][21]        ;
; areg_s[18][21]                          ; Merged with areg_s[0][21]        ;
; areg_s[19][21]                          ; Merged with areg_s[0][21]        ;
; areg_s[1][21]                           ; Merged with areg_s[0][21]        ;
; areg_s[2][21]                           ; Merged with areg_s[0][21]        ;
; areg_s[3][21]                           ; Merged with areg_s[0][21]        ;
; areg_s[4][21]                           ; Merged with areg_s[0][21]        ;
; areg_s[5][21]                           ; Merged with areg_s[0][21]        ;
; areg_s[6][21]                           ; Merged with areg_s[0][21]        ;
; areg_s[7][21]                           ; Merged with areg_s[0][21]        ;
; areg_s[8][21]                           ; Merged with areg_s[0][21]        ;
; areg_s[9][21]                           ; Merged with areg_s[0][21]        ;
; areg_s[10][22]                          ; Merged with areg_s[0][22]        ;
; areg_s[11][22]                          ; Merged with areg_s[0][22]        ;
; areg_s[12][22]                          ; Merged with areg_s[0][22]        ;
; areg_s[13][22]                          ; Merged with areg_s[0][22]        ;
; areg_s[14][22]                          ; Merged with areg_s[0][22]        ;
; areg_s[15][22]                          ; Merged with areg_s[0][22]        ;
; areg_s[16][22]                          ; Merged with areg_s[0][22]        ;
; areg_s[17][22]                          ; Merged with areg_s[0][22]        ;
; areg_s[18][22]                          ; Merged with areg_s[0][22]        ;
; areg_s[19][22]                          ; Merged with areg_s[0][22]        ;
; areg_s[1][22]                           ; Merged with areg_s[0][22]        ;
; areg_s[2][22]                           ; Merged with areg_s[0][22]        ;
; areg_s[3][22]                           ; Merged with areg_s[0][22]        ;
; areg_s[4][22]                           ; Merged with areg_s[0][22]        ;
; areg_s[5][22]                           ; Merged with areg_s[0][22]        ;
; areg_s[6][22]                           ; Merged with areg_s[0][22]        ;
; areg_s[7][22]                           ; Merged with areg_s[0][22]        ;
; areg_s[8][22]                           ; Merged with areg_s[0][22]        ;
; areg_s[9][22]                           ; Merged with areg_s[0][22]        ;
; areg_s[10][23]                          ; Merged with areg_s[0][23]        ;
; areg_s[11][23]                          ; Merged with areg_s[0][23]        ;
; areg_s[12][23]                          ; Merged with areg_s[0][23]        ;
; areg_s[13][23]                          ; Merged with areg_s[0][23]        ;
; areg_s[14][23]                          ; Merged with areg_s[0][23]        ;
; areg_s[15][23]                          ; Merged with areg_s[0][23]        ;
; areg_s[16][23]                          ; Merged with areg_s[0][23]        ;
; areg_s[17][23]                          ; Merged with areg_s[0][23]        ;
; areg_s[18][23]                          ; Merged with areg_s[0][23]        ;
; areg_s[19][23]                          ; Merged with areg_s[0][23]        ;
; areg_s[1][23]                           ; Merged with areg_s[0][23]        ;
; areg_s[2][23]                           ; Merged with areg_s[0][23]        ;
; areg_s[3][23]                           ; Merged with areg_s[0][23]        ;
; areg_s[4][23]                           ; Merged with areg_s[0][23]        ;
; areg_s[5][23]                           ; Merged with areg_s[0][23]        ;
; areg_s[6][23]                           ; Merged with areg_s[0][23]        ;
; areg_s[7][23]                           ; Merged with areg_s[0][23]        ;
; areg_s[8][23]                           ; Merged with areg_s[0][23]        ;
; areg_s[9][23]                           ; Merged with areg_s[0][23]        ;
; mreg_s[10][39]                          ; Merged with mreg_s[10][38]       ;
; mreg_first_s[10][39]                    ; Merged with mreg_first_s[10][38] ;
; Total Number of Removed Registers = 460 ;                                  ;
+-----------------------------------------+----------------------------------+


+------------------------------------------------------+
; General Register Statistics                          ;
+----------------------------------------------+-------+
; Statistic                                    ; Value ;
+----------------------------------------------+-------+
; Total registers                              ; 2404  ;
; Number of registers using Synchronous Clear  ; 0     ;
; Number of registers using Synchronous Load   ; 0     ;
; Number of registers using Asynchronous Clear ; 0     ;
; Number of registers using Asynchronous Load  ; 0     ;
; Number of registers using Clock Enable       ; 2380  ;
; Number of registers using Preset             ; 0     ;
+----------------------------------------------+-------+


+----------------------------------------------------------------------------+
; Parameter Settings for User Entity Instance: Top-level Entity: |FIR_Filter ;
+----------------+-------+---------------------------------------------------+
; Parameter Name ; Value ; Type                                              ;
+----------------+-------+---------------------------------------------------+
; FILTER_TAPS    ; 20    ; Signed Integer                                    ;
; INPUT_WIDTH    ; 24    ; Signed Integer                                    ;
; COEFF_WIDTH    ; 16    ; Signed Integer                                    ;
; OUTPUT_WIDTH   ; 24    ; Signed Integer                                    ;
+----------------+-------+---------------------------------------------------+
Note: In order to hide this table in the UI and the text report file, please set the "Show Parameter Settings in Synthesis Report" option in "Analysis and Synthesis Settings -> More Settings" to "Off".


+-----------------------------------------------------+
; Post-Synthesis Netlist Statistics for Top Partition ;
+-----------------------+-----------------------------+
; Type                  ; Count                       ;
+-----------------------+-----------------------------+
; arriav_ff             ; 2404                        ;
;     ENA               ; 2380                        ;
;     plain             ; 24                          ;
; arriav_lcell_comb     ; 784                         ;
;     arith             ; 760                         ;
;         2 data inputs ; 760                         ;
;     normal            ; 24                          ;
;         2 data inputs ; 24                          ;
; arriav_mac            ; 20                          ;
; boundary_port         ; 50                          ;
;                       ;                             ;
; Max LUT depth         ; 4.90                        ;
; Average LUT depth     ; 2.19                        ;
+-----------------------+-----------------------------+


+-------------------------------+
; Elapsed Time Per Partition    ;
+----------------+--------------+
; Partition Name ; Elapsed Time ;
+----------------+--------------+
; Top            ; 00:00:01     ;
+----------------+--------------+


+-------------------------------+
; Analysis & Synthesis Messages ;
+-------------------------------+
Info: *******************************************************************
Info: Running Quartus Prime Analysis & Synthesis
    Info: Version 17.0.0 Build 595 04/25/2017 SJ Standard Edition
    Info: Processing started: Thu Aug 10 13:15:58 2023
Info: Command: quartus_map --read_settings_files=on --write_settings_files=off FIR_Filter -c FIR_Filter
Warning (18236): Number of processors has not been specified which may cause overloading on shared machines.  Set the global assignment NUM_PARALLEL_PROCESSORS in your QSF to an appropriate value for best performance.
Info (20030): Parallel compilation is enabled and will use 8 of the 8 processors detected
Info (12021): Found 2 design units, including 1 entities, in source file source/fir_filter.vhd
    Info (12022): Found design unit 1: FIR_Filter-Behavioral File: C:/projects/FIR_FPGA/Source/FIR_Filter.vhd Line: 22
    Info (12023): Found entity 1: FIR_Filter File: C:/projects/FIR_FPGA/Source/FIR_Filter.vhd Line: 5
Info (12021): Found 2 design units, including 1 entities, in source file /projects/fir_fpgalpm_mult_v1.vhd
    Info (12022): Found design unit 1: fir_fpgalpm_mult_v1-SYN File: C:/projects/FIR_FPGALPM_MULT_V1.vhd Line: 53
    Info (12023): Found entity 1: FIR_FPGALPM_MULT_V1 File: C:/projects/FIR_FPGALPM_MULT_V1.vhd Line: 43
Info (12021): Found 2 design units, including 1 entities, in source file source/fir_filter_v2.vhd
    Info (12022): Found design unit 1: FIR_Filter_v2-Behavioral File: C:/projects/FIR_FPGA/Source/FIR_Filter_v2.vhd Line: 22
    Info (12023): Found entity 1: FIR_Filter_v2 File: C:/projects/FIR_FPGA/Source/FIR_Filter_v2.vhd Line: 5
Info (12127): Elaborating entity "FIR_Filter" for the top level hierarchy
Warning (10540): VHDL Signal Declaration warning at FIR_Filter.vhd(52): used explicit default value for signal "coeff_s" because signal was never assigned a value File: C:/projects/FIR_FPGA/Source/FIR_Filter.vhd Line: 52
Info (17026): Resynthesizing 0 WYSIWYG logic cells and I/Os using "speed" technology mapper which leaves 0 WYSIWYG logic cells and I/Os untouched
Info (286030): Timing-Driven Synthesis is running
Info (16010): Generating hard_block partition "hard_block:auto_generated_inst"
    Info (16011): Adding 0 node(s), including 0 DDIO, 0 PLL, 0 transceiver and 0 LCELL
Info (21057): Implemented 2490 device resources after synthesis - the final resource count might be different
    Info (21058): Implemented 26 input pins
    Info (21059): Implemented 24 output pins
    Info (21061): Implemented 2420 logic cells
    Info (21062): Implemented 20 DSP elements
Info: Quartus Prime Analysis & Synthesis was successful. 0 errors, 2 warnings
    Info: Peak virtual memory: 4919 megabytes
    Info: Processing ended: Thu Aug 10 13:16:07 2023
    Info: Elapsed time: 00:00:09
    Info: Total CPU time (on all processors): 00:00:20


