------------------------------------------------------------
TimeQuest Timing Analyzer Summary
------------------------------------------------------------

Type  : Slow 1100mV 85C Model Setup 'base_clock'
Slack : -0.033
TNS   : -0.033

Type  : Slow 1100mV 85C Model Hold 'base_clock'
Slack : 0.269
TNS   : 0.000

Type  : Slow 1100mV 85C Model Minimum Pulse Width 'base_clock'
Slack : 0.000
TNS   : 0.000

Type  : Slow 1100mV 0C Model Setup 'base_clock'
Slack : -0.061
TNS   : -0.117

Type  : Slow 1100mV 0C Model Hold 'base_clock'
Slack : 0.256
TNS   : 0.000

Type  : Slow 1100mV 0C Model Minimum Pulse Width 'base_clock'
Slack : 0.000
TNS   : 0.000

Type  : Fast 1100mV 85C Model Setup 'base_clock'
Slack : 1.390
TNS   : 0.000

Type  : Fast 1100mV 85C Model Hold 'base_clock'
Slack : 0.145
TNS   : 0.000

Type  : Fast 1100mV 85C Model Minimum Pulse Width 'base_clock'
Slack : 0.775
TNS   : 0.000

Type  : Fast 1100mV 0C Model Setup 'base_clock'
Slack : 1.320
TNS   : 0.000

Type  : Fast 1100mV 0C Model Hold 'base_clock'
Slack : 0.132
TNS   : 0.000

Type  : Fast 1100mV 0C Model Minimum Pulse Width 'base_clock'
Slack : 0.775
TNS   : 0.000

------------------------------------------------------------
